  Determining projects to restore...
  All projects are up-to-date for restore.
C:\Program Files\dotnet\sdk\9.0.102\Microsoft.Common.CurrentVersion.targets(5322,5): warning MSB3026: Could not copy "C:\AVS\tushgpt\backend\obj\Debug\net8.0\apphost.exe" to "bin\Debug\net8.0\TushGptBackend.exe". Beginning retry 1 in 1000ms. The process cannot access the file 'C:\AVS\tushgpt\backend\bin\Debug\net8.0\TushGptBackend.exe' because it is being used by another process. The file is locked by: "TushGptBackend (98172)" [C:\AVS\tushgpt\backend\TushGptBackend.csproj]
C:\Program Files\dotnet\sdk\9.0.102\Microsoft.Common.CurrentVersion.targets(5322,5): warning MSB3026: Could not copy "C:\AVS\tushgpt\backend\obj\Debug\net8.0\apphost.exe" to "bin\Debug\net8.0\TushGptBackend.exe". Beginning retry 2 in 1000ms. The process cannot access the file 'C:\AVS\tushgpt\backend\bin\Debug\net8.0\TushGptBackend.exe' because it is being used by another process. The file is locked by: "TushGptBackend (98172)" [C:\AVS\tushgpt\backend\TushGptBackend.csproj]
C:\Program Files\dotnet\sdk\9.0.102\Microsoft.Common.CurrentVersion.targets(5322,5): warning MSB3026: Could not copy "C:\AVS\tushgpt\backend\obj\Debug\net8.0\apphost.exe" to "bin\Debug\net8.0\TushGptBackend.exe". Beginning retry 3 in 1000ms. The process cannot access the file 'C:\AVS\tushgpt\backend\bin\Debug\net8.0\TushGptBackend.exe' because it is being used by another process. The file is locked by: "TushGptBackend (98172)" [C:\AVS\tushgpt\backend\TushGptBackend.csproj]
C:\Program Files\dotnet\sdk\9.0.102\Microsoft.Common.CurrentVersion.targets(5322,5): warning MSB3026: Could not copy "C:\AVS\tushgpt\backend\obj\Debug\net8.0\apphost.exe" to "bin\Debug\net8.0\TushGptBackend.exe". Beginning retry 4 in 1000ms. The process cannot access the file 'C:\AVS\tushgpt\backend\bin\Debug\net8.0\TushGptBackend.exe' because it is being used by another process. The file is locked by: "TushGptBackend (98172)" [C:\AVS\tushgpt\backend\TushGptBackend.csproj]
C:\Program Files\dotnet\sdk\9.0.102\Microsoft.Common.CurrentVersion.targets(5322,5): warning MSB3026: Could not copy "C:\AVS\tushgpt\backend\obj\Debug\net8.0\apphost.exe" to "bin\Debug\net8.0\TushGptBackend.exe". Beginning retry 5 in 1000ms. The process cannot access the file 'C:\AVS\tushgpt\backend\bin\Debug\net8.0\TushGptBackend.exe' because it is being used by another process. The file is locked by: "TushGptBackend (98172)" [C:\AVS\tushgpt\backend\TushGptBackend.csproj]
C:\Program Files\dotnet\sdk\9.0.102\Microsoft.Common.CurrentVersion.targets(5322,5): warning MSB3026: Could not copy "C:\AVS\tushgpt\backend\obj\Debug\net8.0\apphost.exe" to "bin\Debug\net8.0\TushGptBackend.exe". Beginning retry 6 in 1000ms. The process cannot access the file 'C:\AVS\tushgpt\backend\bin\Debug\net8.0\TushGptBackend.exe' because it is being used by another process. The file is locked by: "TushGptBackend (98172)" [C:\AVS\tushgpt\backend\TushGptBackend.csproj]
C:\Program Files\dotnet\sdk\9.0.102\Microsoft.Common.CurrentVersion.targets(5322,5): warning MSB3026: Could not copy "C:\AVS\tushgpt\backend\obj\Debug\net8.0\apphost.exe" to "bin\Debug\net8.0\TushGptBackend.exe". Beginning retry 7 in 1000ms. The process cannot access the file 'C:\AVS\tushgpt\backend\bin\Debug\net8.0\TushGptBackend.exe' because it is being used by another process. The file is locked by: "TushGptBackend (98172)" [C:\AVS\tushgpt\backend\TushGptBackend.csproj]
C:\Program Files\dotnet\sdk\9.0.102\Microsoft.Common.CurrentVersion.targets(5322,5): warning MSB3026: Could not copy "C:\AVS\tushgpt\backend\obj\Debug\net8.0\apphost.exe" to "bin\Debug\net8.0\TushGptBackend.exe". Beginning retry 8 in 1000ms. The process cannot access the file 'C:\AVS\tushgpt\backend\bin\Debug\net8.0\TushGptBackend.exe' because it is being used by another process. The file is locked by: "TushGptBackend (98172)" [C:\AVS\tushgpt\backend\TushGptBackend.csproj]
C:\Program Files\dotnet\sdk\9.0.102\Microsoft.Common.CurrentVersion.targets(5322,5): warning MSB3026: Could not copy "C:\AVS\tushgpt\backend\obj\Debug\net8.0\apphost.exe" to "bin\Debug\net8.0\TushGptBackend.exe". Beginning retry 9 in 1000ms. The process cannot access the file 'C:\AVS\tushgpt\backend\bin\Debug\net8.0\TushGptBackend.exe' because it is being used by another process. The file is locked by: "TushGptBackend (98172)" [C:\AVS\tushgpt\backend\TushGptBackend.csproj]
C:\Program Files\dotnet\sdk\9.0.102\Microsoft.Common.CurrentVersion.targets(5322,5): warning MSB3026: Could not copy "C:\AVS\tushgpt\backend\obj\Debug\net8.0\apphost.exe" to "bin\Debug\net8.0\TushGptBackend.exe". Beginning retry 10 in 1000ms. The process cannot access the file 'C:\AVS\tushgpt\backend\bin\Debug\net8.0\TushGptBackend.exe' because it is being used by another process. The file is locked by: "TushGptBackend (98172)" [C:\AVS\tushgpt\backend\TushGptBackend.csproj]
C:\Program Files\dotnet\sdk\9.0.102\Microsoft.Common.CurrentVersion.targets(5322,5): error MSB3027: Could not copy "C:\AVS\tushgpt\backend\obj\Debug\net8.0\apphost.exe" to "bin\Debug\net8.0\TushGptBackend.exe". Exceeded retry count of 10. Failed. The file is locked by: "TushGptBackend (98172)" [C:\AVS\tushgpt\backend\TushGptBackend.csproj]
C:\Program Files\dotnet\sdk\9.0.102\Microsoft.Common.CurrentVersion.targets(5322,5): error MSB3021: Unable to copy file "C:\AVS\tushgpt\backend\obj\Debug\net8.0\apphost.exe" to "bin\Debug\net8.0\TushGptBackend.exe". The process cannot access the file 'C:\AVS\tushgpt\backend\bin\Debug\net8.0\TushGptBackend.exe' because it is being used by another process. [C:\AVS\tushgpt\backend\TushGptBackend.csproj]

Build FAILED.

C:\Program Files\dotnet\sdk\9.0.102\Microsoft.Common.CurrentVersion.targets(5322,5): warning MSB3026: Could not copy "C:\AVS\tushgpt\backend\obj\Debug\net8.0\apphost.exe" to "bin\Debug\net8.0\TushGptBackend.exe". Beginning retry 1 in 1000ms. The process cannot access the file 'C:\AVS\tushgpt\backend\bin\Debug\net8.0\TushGptBackend.exe' because it is being used by another process. The file is locked by: "TushGptBackend (98172)" [C:\AVS\tushgpt\backend\TushGptBackend.csproj]
C:\Program Files\dotnet\sdk\9.0.102\Microsoft.Common.CurrentVersion.targets(5322,5): warning MSB3026: Could not copy "C:\AVS\tushgpt\backend\obj\Debug\net8.0\apphost.exe" to "bin\Debug\net8.0\TushGptBackend.exe". Beginning retry 2 in 1000ms. The process cannot access the file 'C:\AVS\tushgpt\backend\bin\Debug\net8.0\TushGptBackend.exe' because it is being used by another process. The file is locked by: "TushGptBackend (98172)" [C:\AVS\tushgpt\backend\TushGptBackend.csproj]
C:\Program Files\dotnet\sdk\9.0.102\Microsoft.Common.CurrentVersion.targets(5322,5): warning MSB3026: Could not copy "C:\AVS\tushgpt\backend\obj\Debug\net8.0\apphost.exe" to "bin\Debug\net8.0\TushGptBackend.exe". Beginning retry 3 in 1000ms. The process cannot access the file 'C:\AVS\tushgpt\backend\bin\Debug\net8.0\TushGptBackend.exe' because it is being used by another process. The file is locked by: "TushGptBackend (98172)" [C:\AVS\tushgpt\backend\TushGptBackend.csproj]
C:\Program Files\dotnet\sdk\9.0.102\Microsoft.Common.CurrentVersion.targets(5322,5): warning MSB3026: Could not copy "C:\AVS\tushgpt\backend\obj\Debug\net8.0\apphost.exe" to "bin\Debug\net8.0\TushGptBackend.exe". Beginning retry 4 in 1000ms. The process cannot access the file 'C:\AVS\tushgpt\backend\bin\Debug\net8.0\TushGptBackend.exe' because it is being used by another process. The file is locked by: "TushGptBackend (98172)" [C:\AVS\tushgpt\backend\TushGptBackend.csproj]
C:\Program Files\dotnet\sdk\9.0.102\Microsoft.Common.CurrentVersion.targets(5322,5): warning MSB3026: Could not copy "C:\AVS\tushgpt\backend\obj\Debug\net8.0\apphost.exe" to "bin\Debug\net8.0\TushGptBackend.exe". Beginning retry 5 in 1000ms. The process cannot access the file 'C:\AVS\tushgpt\backend\bin\Debug\net8.0\TushGptBackend.exe' because it is being used by another process. The file is locked by: "TushGptBackend (98172)" [C:\AVS\tushgpt\backend\TushGptBackend.csproj]
C:\Program Files\dotnet\sdk\9.0.102\Microsoft.Common.CurrentVersion.targets(5322,5): warning MSB3026: Could not copy "C:\AVS\tushgpt\backend\obj\Debug\net8.0\apphost.exe" to "bin\Debug\net8.0\TushGptBackend.exe". Beginning retry 6 in 1000ms. The process cannot access the file 'C:\AVS\tushgpt\backend\bin\Debug\net8.0\TushGptBackend.exe' because it is being used by another process. The file is locked by: "TushGptBackend (98172)" [C:\AVS\tushgpt\backend\TushGptBackend.csproj]
C:\Program Files\dotnet\sdk\9.0.102\Microsoft.Common.CurrentVersion.targets(5322,5): warning MSB3026: Could not copy "C:\AVS\tushgpt\backend\obj\Debug\net8.0\apphost.exe" to "bin\Debug\net8.0\TushGptBackend.exe". Beginning retry 7 in 1000ms. The process cannot access the file 'C:\AVS\tushgpt\backend\bin\Debug\net8.0\TushGptBackend.exe' because it is being used by another process. The file is locked by: "TushGptBackend (98172)" [C:\AVS\tushgpt\backend\TushGptBackend.csproj]
C:\Program Files\dotnet\sdk\9.0.102\Microsoft.Common.CurrentVersion.targets(5322,5): warning MSB3026: Could not copy "C:\AVS\tushgpt\backend\obj\Debug\net8.0\apphost.exe" to "bin\Debug\net8.0\TushGptBackend.exe". Beginning retry 8 in 1000ms. The process cannot access the file 'C:\AVS\tushgpt\backend\bin\Debug\net8.0\TushGptBackend.exe' because it is being used by another process. The file is locked by: "TushGptBackend (98172)" [C:\AVS\tushgpt\backend\TushGptBackend.csproj]
C:\Program Files\dotnet\sdk\9.0.102\Microsoft.Common.CurrentVersion.targets(5322,5): warning MSB3026: Could not copy "C:\AVS\tushgpt\backend\obj\Debug\net8.0\apphost.exe" to "bin\Debug\net8.0\TushGptBackend.exe". Beginning retry 9 in 1000ms. The process cannot access the file 'C:\AVS\tushgpt\backend\bin\Debug\net8.0\TushGptBackend.exe' because it is being used by another process. The file is locked by: "TushGptBackend (98172)" [C:\AVS\tushgpt\backend\TushGptBackend.csproj]
C:\Program Files\dotnet\sdk\9.0.102\Microsoft.Common.CurrentVersion.targets(5322,5): warning MSB3026: Could not copy "C:\AVS\tushgpt\backend\obj\Debug\net8.0\apphost.exe" to "bin\Debug\net8.0\TushGptBackend.exe". Beginning retry 10 in 1000ms. The process cannot access the file 'C:\AVS\tushgpt\backend\bin\Debug\net8.0\TushGptBackend.exe' because it is being used by another process. The file is locked by: "TushGptBackend (98172)" [C:\AVS\tushgpt\backend\TushGptBackend.csproj]
C:\Program Files\dotnet\sdk\9.0.102\Microsoft.Common.CurrentVersion.targets(5322,5): error MSB3027: Could not copy "C:\AVS\tushgpt\backend\obj\Debug\net8.0\apphost.exe" to "bin\Debug\net8.0\TushGptBackend.exe". Exceeded retry count of 10. Failed. The file is locked by: "TushGptBackend (98172)" [C:\AVS\tushgpt\backend\TushGptBackend.csproj]
C:\Program Files\dotnet\sdk\9.0.102\Microsoft.Common.CurrentVersion.targets(5322,5): error MSB3021: Unable to copy file "C:\AVS\tushgpt\backend\obj\Debug\net8.0\apphost.exe" to "bin\Debug\net8.0\TushGptBackend.exe". The process cannot access the file 'C:\AVS\tushgpt\backend\bin\Debug\net8.0\TushGptBackend.exe' because it is being used by another process. [C:\AVS\tushgpt\backend\TushGptBackend.csproj]
    10 Warning(s)
    2 Error(s)

Time Elapsed 00:00:12.72
