  Determining projects to restore...
  All projects are up-to-date for restore.
  TushGptBackend -> C:\AVS\tushgpt\backend\bin\Debug\net8.0\TushGptBackend.dll

Build succeeded.
    0 Warning(s)
    0 Error(s)

Time Elapsed 00:00:01.54
